---
source: src/native/site_native.rs
expression: result
---
sites:
  - name: Some Site
    uniqueId: "1681574834910"
    numberOfPatients: 4
    countOfRandomizedPatients: 0
    whenCreated: "2023-04-15T16:08:19Z"
    creator: Paul Sanders
    numberOfForms: 1
    forms:
      - name: demographic.form.name.site.demographics
        lastModified: "2023-04-15T16:08:19Z"
        whoLastModifiedName: Paul Sanders
        whoLastModifiedRole: Project Manager
        whenCreated: 1681574834930
        hasErrors: false
        hasWarnings: false
        locked: false
        user: ~
        dateTimeChanged: ~
        formTitle: Site Demographics
        formIndex: 1
        formGroup: Demographic
        formState: In-Work
        states:
          - value: form.state.in.work
            signer: Paul Sanders - Project Manager
            signerUniqueId: "1681162687395"
            dateSigned: "2023-04-15T16:08:19Z"
        categories:
          - name: Demographics
            categoryType: normal
            highestIndex: 0
            fields:
              - name: address
                fieldType: text
                dataType: string
                errorCode: valid
                whenCreated: "2023-04-15T16:07:14Z"
                keepHistory: true
                entries: ~
              - name: company
                fieldType: text
                dataType: string
                errorCode: valid
                whenCreated: "2023-04-15T16:07:14Z"
                keepHistory: true
                entries:
                  - entryId: "1"
                    value:
                      by: Paul Sanders
                      byUniqueId: "1681162687395"
                      role: Project Manager
                      when: "2023-04-15T16:08:19Z"
                      value: Some Company
                    reason: ~
              - name: site_code_name
                fieldType: hidden
                dataType: string
                errorCode: valid
                whenCreated: "2023-04-15T16:07:14Z"
                keepHistory: true
                entries:
                  - entryId: "1"
                    value:
                      by: set from calculation
                      byUniqueId: ~
                      role: System
                      when: "2023-04-15T16:08:19Z"
                      value: ABC-Some Site
                    reason:
                      by: set from calculation
                      byUniqueId: ~
                      role: System
                      when: "2023-04-15T16:08:19Z"
                      value: calculated value
                  - entryId: "2"
                    value:
                      by: set from calculation
                      byUniqueId: ~
                      role: System
                      when: "2023-04-15T16:07:24Z"
                      value: Some Site
                    reason:
                      by: set from calculation
                      byUniqueId: ~
                      role: System
                      when: "2023-04-15T16:07:24Z"
                      value: calculated value
          - name: Enrollment
            categoryType: normal
            highestIndex: 0
            fields:
              - name: enrollment_closed_date
                fieldType: popUpCalendar
                dataType: date
                errorCode: valid
                whenCreated: "2023-04-15T16:07:14Z"
                keepHistory: true
                entries: ~
              - name: enrollment_open
                fieldType: radio
                dataType: string
                errorCode: valid
                whenCreated: "2023-04-15T16:07:14Z"
                keepHistory: true
                entries:
                  - entryId: "1"
                    value:
                      by: Paul Sanders
                      byUniqueId: "1681162687395"
                      role: Project Manager
                      when: "2023-04-15T16:08:19Z"
                      value: "Yes"
                    reason: ~
              - name: enrollment_open_date
                fieldType: popUpCalendar
                dataType: date
                errorCode: valid
                whenCreated: "2023-04-15T16:07:14Z"
                keepHistory: true
                entries: ~
  - name: Artemis
    uniqueId: "1691420994591"
    numberOfPatients: 0
    countOfRandomizedPatients: 0
    whenCreated: "2023-08-07T15:14:23Z"
    creator: Paul Sanders
    numberOfForms: 1
    forms:
      - name: demographic.form.name.site.demographics
        lastModified: "2023-08-07T15:14:23Z"
        whoLastModifiedName: Paul Sanders
        whoLastModifiedRole: Project Manager
        whenCreated: 1691420994611
        hasErrors: false
        hasWarnings: false
        locked: false
        user: ~
        dateTimeChanged: ~
        formTitle: Site Demographics
        formIndex: 1
        formGroup: Demographic
        formState: In-Work
        states:
          - value: form.state.in.work
            signer: Paul Sanders - Project Manager
            signerUniqueId: "1681162687395"
            dateSigned: "2023-08-07T15:14:23Z"
        categories:
          - name: Demographics
            categoryType: normal
            highestIndex: 0
            fields:
              - name: address
                fieldType: text
                dataType: string
                errorCode: valid
                whenCreated: "2023-08-07T15:09:54Z"
                keepHistory: true
                entries:
                  - entryId: "1"
                    value:
                      by: Paul Sanders
                      byUniqueId: "1681162687395"
                      role: Project Manager
                      when: "2023-08-07T15:14:21Z"
                      value: 1111 Moon Drive
                    reason: ~
